[Licensing::Module] Trying to connect to existing licensing client channel...
[Licensing::IpcConnector] Successfully connected to: "LicenseClient-medoo" at "2026-04-15T11:58:57.1447825Z"
Built from '6000.4/staging' branch; Version is '6000.4.0f1 (8cf496087c8f) revision 9237654'; Using compiler version '194234433'; Build Type 'Release'
OS: 'Windows 11  (10.0.26100) Professional' Language: 'en' Physical Memory: 16091 MB
BatchMode: 1, IsHumanControllingUs: 0, StartBugReporterOnCrash: 0, Is64bit: 1
System  architecture: x64
Process architecture: x64
Date: 2026-04-15T11:58:57Z

COMMAND LINE ARGUMENTS:
C:\Program Files\Unity\Hub\Editor\6000.4.0f1\Editor\Unity.exe
-adb2
-batchMode
-noUpm
-name
AssetImportWorker0
-projectPath
C:/Users/medoo/OneDrive/Desktop/Status
-logFile
Logs/AssetImportWorker0.log
-srvPort
36381
-licensingIpc
LicenseClient-medoo
-force-d3d12
-job-worker-count
9
-background-job-worker-count
8
-gc-helper-count
1
-name
AssetImport
Successfully changed project path to: C:/Users/medoo/OneDrive/Desktop/Status
C:/Users/medoo/OneDrive/Desktop/Status
[UnityMemory] Configuration Parameters - Can be set up in boot.config
    "memorysetup-temp-allocator-size-gi-baking-worker=262144"
    "memorysetup-temp-allocator-size-gi-baking-worker=262144"
    "memorysetup-temp-allocator-size-gi-baking-worker=262144"
    "memorysetup-temp-allocator-size-gi-baking-worker=262144"
    "memorysetup-temp-allocator-size-gi-baking-worker=262144"
    "memorysetup-temp-allocator-size-nav-mesh-worker=65536"
    "memorysetup-temp-allocator-size-audio-worker=65536"
    "memorysetup-temp-allocator-size-cloud-worker=32768"
    "memorysetup-temp-allocator-size-gfx=262144"
    "memorysetup-temp-allocator-size-preload-manager=33554432"
    "memorysetup-temp-allocator-size-job-worker=262144"
    "memorysetup-temp-allocator-size-background-worker=32768"
    "memorysetup-allocator-temp-initial-block-size-main=262144"
    "memorysetup-allocator-temp-initial-block-size-worker=262144"
    "memorysetup-bucket-allocator-granularity=16"
    "memorysetup-bucket-allocator-bucket-count=8"
    "memorysetup-bucket-allocator-block-size=33554432"
    "memorysetup-bucket-allocator-block-count=8"
    "memorysetup-main-allocator-block-size=16777216"
    "memorysetup-thread-allocator-block-size=16777216"
    "memorysetup-gfx-main-allocator-block-size=16777216"
    "memorysetup-gfx-thread-allocator-block-size=16777216"
    "memorysetup-cache-allocator-block-size=4194304"
    "memorysetup-typetree-allocator-block-size=2097152"
    "memorysetup-profiler-bucket-allocator-granularity=16"
    "memorysetup-profiler-bucket-allocator-bucket-count=8"
    "memorysetup-profiler-bucket-allocator-block-size=33554432"
    "memorysetup-profiler-bucket-allocator-block-count=8"
    "memorysetup-profiler-allocator-block-size=16777216"
    "memorysetup-profiler-editor-allocator-block-size=1048576"
    "memorysetup-temp-allocator-size-main=16777216"
    "memorysetup-job-temp-allocator-block-size=2097152"
    "memorysetup-job-temp-allocator-block-size-background=1048576"
    "memorysetup-job-temp-allocator-reduction-small-platforms=262144"
Player connection [13840]  Target information:

Player connection [13840]  * "[IP] 192.168.100.3 [Port] 0 [Flags] 2 [Guid] 4226247257 [EditorId] 4226247257 [Version] 1048832 [Id] WindowsEditor(7,SeifRami) [Debug] 1 [PackageName] WindowsEditor [ProjectName] Editor" 

Player connection [13840] Host joined multi-casting on [225.0.0.222:54997]...
Player connection [13840] Host joined alternative multi-casting on [225.0.0.222:34997]...
JobSystem: Creating JobQueue using job-worker-count value 9
Input System module state changed to: Initialized.
[Physics::Module] Initialized fallback backend.
[Physics::Module] Id: 0xdecafbad
Library Redirect Path: Library/
[Physics::Module] Selected backend.
[Physics::Module] Name: PhysX
[Physics::Module] Id: 0xf2b8ea05
[Physics::Module] SDK Version: 4.1.2
[Physics::Module] Integration Version: 1.0.0
[Physics::Module] Threading Mode: Multi-Threaded
Active build profile path: `Assets/Settings/Build Profiles/Status.asset`
Got setting from build profile YAML, name `m_BuildSubtarget`, value `0`
[Licensing::Module] Licensing is not yet initialized.
[Licensing::Client] Error: HandshakeResponse reported an error:
	ResponseCode: 505
	ResponseStatus: Unsupported protocol version '1.18.1'.
[Licensing::Module] Error: Failed to handshake to channel: "LicenseClient-medoo"
[Licensing::IpcConnector] LicenseClient-medoo channel disconnected successfully.
[Licensing::IpcConnector] Successfully connected to: "LicenseClient-medoo-6000.4.0" at "2026-04-15T11:58:57.9674337Z"
[Licensing::Client] Handshaking with LicensingClient:
  Version:                 1.18.1+9fbee8e
  Session Id:              f3569de9aaf1419ab863ade5b126846f
  Correlation Id:          2ee1e92ec3b6b116772be180ca2748c6
  External correlation Id: 8938697241848699276
  Machine Id:              agf7rBPk51ccx3CzQra/GLhDOyE=
[Licensing::Module] Successfully connected to LicensingClient on channel: "LicenseClient-medoo-6000.4.0" (connect: 0.00s, validation: 0.00s, handshake: 0.74s)
[Licensing::IpcConnector] Successfully connected to: "LicenseClient-medoo-6000.4.0-notifications" at "2026-04-15T11:58:58.7052227Z"
[Licensing::Module] Licensing Background thread has ended after 1.56s
[Licensing::Module] Licensing is initialized (took 1.20s).
[Licensing::Client] Successfully resolved entitlement details
[Licensing::Module] License group:
  Id: 11270634123586-UnityPersXXXX
  Product: Unity Personal
  Type: Assigned
  Expiration: Unlimited
Got setting from build profile YAML, name `m_BuildTarget`, value `13`
Got setting from build profile YAML, name `m_Subtarget`, value `0`
Refreshing native plugins compatible for Editor in 18.70 ms, found 7 plugins.
Initialize engine version: 6000.4.0f1 (8cf496087c8f)
[Subsystems] Discovering subsystems at path C:/Program Files/Unity/Hub/Editor/6000.4.0f1/Editor/Data/Resources/UnitySubsystems
[Subsystems] Discovering subsystems at path C:/Users/medoo/OneDrive/Desktop/Status/Assets
Forcing GfxDevice: Direct3D 12
GfxDevice: creating device client; kGfxThreadingModeNonThreaded
d3d12: failed to query info queue interface (0x80004002).
Direct3D:
    Version:         Direct3D 12 [level 12.2]
    Renderer:        NVIDIA GeForce RTX 4060 Laptop GPU (ID=0x28e0)
    Vendor:          NVIDIA
    VRAM:            7957 MB
    App VRAM Budget: 7189 MB
    Driver:          32.0.15.8186
Got setting from build profile YAML, name `m_BuildSubtarget`, value `0`
Got setting from build profile YAML, name `m_BuildSubtarget`, value `0`
Got setting from build profile YAML, name `m_BuildSubtarget`, value `0`
Initialize mono
Mono path[0] = 'C:/Program Files/Unity/Hub/Editor/6000.4.0f1/Editor/Data/Managed'
Mono path[1] = 'C:/Program Files/Unity/Hub/Editor/6000.4.0f1/Editor/Data/MonoBleedingEdge/lib/mono/unityjit-win32'
Mono config path = 'C:/Program Files/Unity/Hub/Editor/6000.4.0f1/Editor/Data/MonoBleedingEdge/etc'
Using monoOptions --debugger-agent=transport=dt_socket,embedding=1,server=y,suspend=n,address=127.0.0.1:56916
CodeReloadManager initialized
Got setting from build profile YAML, name `m_BuildSubtarget`, value `0`
Got setting from build profile YAML, name `m_BuildSubtarget`, value `0`
Begin MonoManager ReloadAssembly
Registering precompiled unity dll's ...
Register platform support module: C:/Program Files/Unity/Hub/Editor/6000.4.0f1/Editor/Data/PlaybackEngines/WindowsStandaloneSupport/UnityEditor.WindowsStandalone.Extensions.dll
Register platform support module: C:/Program Files/Unity/Hub/Editor/6000.4.0f1/Editor/Data/PlaybackEngines/AndroidPlayer/UnityEditor.Android.Extensions.dll
[Licensing::Client] Successfully resolved entitlement details
Register platform support module: C:/Program Files/Unity/Hub/Editor/6000.4.0f1/Editor/Data/PlaybackEngines/iOSSupport/UnityEditor.iOS.Extensions.dll
Registered in 0.004071 seconds.
Got setting from build profile YAML, name `m_BuildSubtarget`, value `0`
Got setting from build profile YAML, name `m_BuildSubtarget`, value `0`
[usbmuxd] Start listen thread
[usbmuxd] Listen thread started
Native extension for iOS target not found
Native extension for Android target not found
Android Extension - Scanning For ADB Devices 208 ms
Native extension for WindowsStandalone target not found
Package Manager log level set to [2]
[Package Manager] Failed to launch server process. Reason: Unity was launched with the -noUpm command-line argument
[Package Manager] Unable to send message (not connected to server process).
[Package Manager] Cannot connect to Unity Package Manager local server
ScheduleIndexationOnStartup MainProcess:False IndexOnStartup:True
Mono: successfully reloaded assembly
- Finished resetting the current domain, in  0.619 seconds
Domain Reload Profiling: 1018ms
	BeginReloadAssembly (107ms)
	RebuildCommonClasses (36ms)
	RebuildNativeTypeToScriptingClass (13ms)
	initialDomainReloadingComplete (65ms)
	LoadAllAssembliesAndSetupDomain (178ms)
		LoadAssemblies (105ms)
		AnalyzeDomain (168ms)
			TypeCache.Refresh (167ms)
				TypeCache.ScanAssembly (156ms)
	FinalizeReload (619ms)
		SetupLoadedEditorAssemblies (0ms)
			InitializePlatformSupportModulesInManaged (307ms)
			BeforeProcessingInitializeOnLoad (80ms)
			ProcessInitializeOnLoadAttributes (96ms)
			ProcessInitializeOnLoadMethodAttributes (70ms)
Got setting from build profile YAML, name `m_BuildSubtarget`, value `0`
Got setting from build profile YAML, name `m_BuildSubtarget`, value `0`
========================================================================
Worker process is ready to serve import requests
Import Worker Mode flag is 0x00
Got setting from build profile YAML, name `m_BuildSubtarget`, value `0`
Got setting from build profile YAML, name `m_BuildSubtarget`, value `0`
Got setting from build profile YAML, name `m_BuildSubtarget`, value `0`
Got setting from build profile YAML, name `m_BuildSubtarget`, value `0`
Begin MonoManager ReloadAssembly
Got setting from build profile YAML, name `m_Development`, value `1`
Got setting from build profile YAML, name `m_BuildSubtarget`, value `0`
Got setting from build profile YAML, name `m_BuildSubtarget`, value `0`
Got setting from build profile YAML, name `m_BuildSubtarget`, value `0`
[Licensing::Client] Successfully resolved entitlement details
Assembly Assembly-CSharp-Editor-firstpass-testable.dll at Library/ScriptAssemblies/Assembly-CSharp-Editor-firstpass-testable.dll not valid. Loading of assembly skipped.
Assembly Assembly-CSharp-Editor-firstpass.dll at Library/ScriptAssemblies/Assembly-CSharp-Editor-firstpass.dll not valid. Loading of assembly skipped.
Assembly DocCodeExamples.dll at Library/ScriptAssemblies/DocCodeExamples.dll not valid. Loading of assembly skipped.
Assembly TestNewCustomAssembly.dll at Library/ScriptAssemblies/TestNewCustomAssembly.dll not valid. Loading of assembly skipped.
Assembly Unity.2D.Animation.EditorTests.dll at Library/ScriptAssemblies/Unity.2D.Animation.EditorTests.dll not valid. Loading of assembly skipped.
Assembly Unity.2D.Aseprite.EditorTests.dll at Library/ScriptAssemblies/Unity.2D.Aseprite.EditorTests.dll not valid. Loading of assembly skipped.
Assembly Unity.2D.Common.EditorTests.dll at Library/ScriptAssemblies/Unity.2D.Common.EditorTests.dll not valid. Loading of assembly skipped.
Assembly Unity.2D.Psdimporter.EditorTests.dll at Library/ScriptAssemblies/Unity.2D.Psdimporter.EditorTests.dll not valid. Loading of assembly skipped.
Assembly Unity.2D.Sprite.Package.EditorTests.dll at Library/ScriptAssemblies/Unity.2D.Sprite.Package.EditorTests.dll not valid. Loading of assembly skipped.
Assembly Unity.2D.SpriteShape.EditorTests.dll at Library/ScriptAssemblies/Unity.2D.SpriteShape.EditorTests.dll not valid. Loading of assembly skipped.
Assembly Unity.2D.Tilemap.Package.EditorTests.dll at Library/ScriptAssemblies/Unity.2D.Tilemap.Package.EditorTests.dll not valid. Loading of assembly skipped.
Assembly Unity.Collections.BurstCompatibilityGen.dll at Library/ScriptAssemblies/Unity.Collections.BurstCompatibilityGen.dll not valid. Loading of assembly skipped.
Assembly Unity.Collections.DocCodeSamples.dll at Library/ScriptAssemblies/Unity.Collections.DocCodeSamples.dll not valid. Loading of assembly skipped.
Assembly Unity.Collections.PerformanceTests.dll at Library/ScriptAssemblies/Unity.Collections.PerformanceTests.dll not valid. Loading of assembly skipped.
Assembly Unity.Collections.Tests.dll at Library/ScriptAssemblies/Unity.Collections.Tests.dll not valid. Loading of assembly skipped.
Assembly Unity.Collections.Tests.Playmode.dll at Library/ScriptAssemblies/Unity.Collections.Tests.Playmode.dll not valid. Loading of assembly skipped.
Assembly Unity.InputSystem.IntegrationTests.dll at Library/ScriptAssemblies/Unity.InputSystem.IntegrationTests.dll not valid. Loading of assembly skipped.
Assembly Unity.Mathematics.Tests.dll at Library/ScriptAssemblies/Unity.Mathematics.Tests.dll not valid. Loading of assembly skipped.
Assembly Unity.Multiplayer.Center.Editor.Tests.dll at Library/ScriptAssemblies/Unity.Multiplayer.Center.Editor.Tests.dll not valid. Loading of assembly skipped.
Assembly Unity.Multiplayer.Center.Tests.dll at Library/ScriptAssemblies/Unity.Multiplayer.Center.Tests.dll not valid. Loading of assembly skipped.
Assembly Unity.Nuget.Mono-Cecil.dll at Library/ScriptAssemblies/Unity.Nuget.Mono-Cecil.dll not valid. Loading of assembly skipped.
Assembly Unity.PathTracing.Editor.Tests.dll at Library/ScriptAssemblies/Unity.PathTracing.Editor.Tests.dll not valid. Loading of assembly skipped.
Assembly Unity.PathTracing.Runtime.Tests.dll at Library/ScriptAssemblies/Unity.PathTracing.Runtime.Tests.dll not valid. Loading of assembly skipped.
Assembly Unity.RenderPipelines.Core.Editor.Tests.dll at Library/ScriptAssemblies/Unity.RenderPipelines.Core.Editor.Tests.dll not valid. Loading of assembly skipped.
Assembly Unity.RenderPipelines.Core.Runtime.Tests.dll at Library/ScriptAssemblies/Unity.RenderPipelines.Core.Runtime.Tests.dll not valid. Loading of assembly skipped.
Assembly Unity.RenderPipelines.Universal.Config.Editor.Tests.dll at Library/ScriptAssemblies/Unity.RenderPipelines.Universal.Config.Editor.Tests.dll not valid. Loading of assembly skipped.
Assembly Unity.RenderPipelines.Universal.Editor.Tests.dll at Library/ScriptAssemblies/Unity.RenderPipelines.Universal.Editor.Tests.dll not valid. Loading of assembly skipped.
Assembly Unity.RenderPipelines.Universal.Runtime.Tests.dll at Library/ScriptAssemblies/Unity.RenderPipelines.Universal.Runtime.Tests.dll not valid. Loading of assembly skipped.
Assembly Unity.Searcher.EditorTests.dll at Library/ScriptAssemblies/Unity.Searcher.EditorTests.dll not valid. Loading of assembly skipped.
Assembly Unity.Services.Authentication.PlayerAccounts.EditorTests.dll at Library/ScriptAssemblies/Unity.Services.Authentication.PlayerAccounts.EditorTests.dll not valid. Loading of assembly skipped.
Assembly Unity.Services.Authentication.PlayerAccounts.Tests.dll at Library/ScriptAssemblies/Unity.Services.Authentication.PlayerAccounts.Tests.dll not valid. Loading of assembly skipped.
Assembly Unity.Services.Authentication.Server.dll at Library/ScriptAssemblies/Unity.Services.Authentication.Server.dll not valid. Loading of assembly skipped.
Assembly Unity.Services.Authentication.Server.Tests.dll at Library/ScriptAssemblies/Unity.Services.Authentication.Server.Tests.dll not valid. Loading of assembly skipped.
Assembly Unity.Services.Multiplayer.Server.dll at Library/ScriptAssemblies/Unity.Services.Multiplayer.Server.dll not valid. Loading of assembly skipped.
Assembly Unity.ShaderGraph.Editor.Tests.dll at Library/ScriptAssemblies/Unity.ShaderGraph.Editor.Tests.dll not valid. Loading of assembly skipped.
Assembly Unity.TextMeshPro.Editor.Tests.dll at Library/ScriptAssemblies/Unity.TextMeshPro.Editor.Tests.dll not valid. Loading of assembly skipped.
Assembly Unity.TextMeshPro.Tests.dll at Library/ScriptAssemblies/Unity.TextMeshPro.Tests.dll not valid. Loading of assembly skipped.
Assembly Unity.UnifiedRayTracing.Editor.Tests.dll at Library/ScriptAssemblies/Unity.UnifiedRayTracing.Editor.Tests.dll not valid. Loading of assembly skipped.
Assembly UnityEditor.UI.Common.Tests.dll at Library/ScriptAssemblies/UnityEditor.UI.Common.Tests.dll not valid. Loading of assembly skipped.
Assembly UnityEditor.UI.EditorTests.dll at Library/ScriptAssemblies/UnityEditor.UI.EditorTests.dll not valid. Loading of assembly skipped.
Assembly UnityEngine.UI.Tests.dll at Library/ScriptAssemblies/UnityEngine.UI.Tests.dll not valid. Loading of assembly skipped.
Symbol file LoadedFromMemory is not a mono symbol file
Refreshing native plugins compatible for Editor in 12.21 ms, found 7 plugins.
Native extension for iOS target not found
Native extension for Android target not found
Native extension for WindowsStandalone target not found
[Package Manager] Failed to launch server process. Reason: Unity was launched with the -noUpm command-line argument
[Package Manager] Unable to send message (not connected to server process).
[Package Manager] Cannot connect to Unity Package Manager local server
[Package Manager] Failed to launch server process. Reason: Unity was launched with the -noUpm command-line argument
[Package Manager] Unable to send message (not connected to server process).
[Package Manager] Cannot connect to Unity Package Manager local server
ScheduleIndexationOnStartup MainProcess:False IndexOnStartup:True
Mono: successfully reloaded assembly
- Finished resetting the current domain, in  1.482 seconds
Domain Reload Profiling: 2841ms
	BeginReloadAssembly (290ms)
		DisableScriptedObjects (91ms)
		CreateAndSetChildDomain (40ms)
	RebuildCommonClasses (31ms)
	RebuildNativeTypeToScriptingClass (10ms)
	initialDomainReloadingComplete (84ms)
	LoadAllAssembliesAndSetupDomain (943ms)
		LoadAssemblies (622ms)
		AnalyzeDomain (400ms)
			TypeCache.Refresh (264ms)
				TypeCache.ScanAssembly (236ms)
			BuildScriptInfoCaches (117ms)
			ResolveRequiredComponents (16ms)
	FinalizeReload (1482ms)
		SetupLoadedEditorAssemblies (0ms)
			InitializePlatformSupportModulesInManaged (14ms)
			BeforeProcessingInitializeOnLoad (226ms)
			ProcessInitializeOnLoadAttributes (682ms)
			ProcessInitializeOnLoadMethodAttributes (258ms)
			AfterProcessingInitializeOnLoad (6ms)
		AwakeInstancesAfterBackupRestoration (13ms)
Launched and connected shader compiler UnityShaderCompiler.exe after 0.01 seconds
Refreshing native plugins compatible for Editor in 7.25 ms, found 7 plugins.
Unloading 24 Unused Serialized files (Serialized files now loaded: 0)
Unloading 8892 unused Assets / (4.9 MB). Loaded Objects now: 9670.
Memory consumption went from 185.9 MB to 181.0 MB.
Total: 11.196400 ms (FindLiveObjects: 1.839700 ms CreateObjectMapping: 0.560000 ms MarkObjects: 6.101800 ms  DeleteObjects: 2.692300 ms)

========================================================================
Received Import Request.
  Time since last request: 64096.120238 seconds.
  path: Assets/Status/Imports/Gelzo/Fun Hyper Casual UI Pack - FREE/Sprites/Panels/55.png
  importAddress: Guid(bddd08979b2c5624aa80787d9bf6ebd3) Importer(2089858483,b0f066a214c2f5e87bad3c948f4d605d)
Start importing Assets/Status/Imports/Gelzo/Fun Hyper Casual UI Pack - FREE/Sprites/Panels/55.png using Guid(bddd08979b2c5624aa80787d9bf6ebd3) Importer(2089858483,b0f066a214c2f5e87bad3c948f4d605d) (ScriptedImporter) -> (Import Result ID: '893d884481209a5c5458c9dd8597dbd3') in 0.1457825 seconds [static and dynamic dependencies]. Details - ImportResultOutputID=efbdab3e97b95f2c5202adf332830fab DependenciesID=1a034fffe1ec1370fa1259d5da185ef7 StaticDependenciesID=b854c437fbd2ffaf46505105728dcbf9 
Number of updated asset objects reloaded before import = 0Number of asset objects unloaded after import = 3

========================================================================
Received Import Request.
  Time since last request: 0.000031 seconds.
  path: Assets/Status/Imports/Gelzo/Fun Hyper Casual UI Pack - FREE/Sprites/Buttons/Play1.png
  importAddress: Guid(031085567d7691045a9960a405e9b4ec) Importer(2089858483,b0f066a214c2f5e87bad3c948f4d605d)
Start importing Assets/Status/Imports/Gelzo/Fun Hyper Casual UI Pack - FREE/Sprites/Buttons/Play1.png using Guid(031085567d7691045a9960a405e9b4ec) Importer(2089858483,b0f066a214c2f5e87bad3c948f4d605d) (ScriptedImporter) -> (Import Result ID: '3d4a0d0b76f8f0583bb5cad785bd80e0') in 0.0446119 seconds [static and dynamic dependencies]. Details - ImportResultOutputID=7b36d4893dd52c8567f543476ab2878a DependenciesID=92154ddae9766987c6fa0c0c173a91b3 StaticDependenciesID=867bbcec2a32ac2111c251bada6b0e15 
Number of updated asset objects reloaded before import = 0Number of asset objects unloaded after import = 3

========================================================================
Received Import Request.
  Time since last request: 0.000029 seconds.
  path: Assets/Status/Imports/Gelzo/Fun Hyper Casual UI Pack - FREE/Sprites/Buttons/Bell2.png
  importAddress: Guid(5e019c8ac1ab861438dbe573fd168bba) Importer(2089858483,b0f066a214c2f5e87bad3c948f4d605d)
Start importing Assets/Status/Imports/Gelzo/Fun Hyper Casual UI Pack - FREE/Sprites/Buttons/Bell2.png using Guid(5e019c8ac1ab861438dbe573fd168bba) Importer(2089858483,b0f066a214c2f5e87bad3c948f4d605d) (ScriptedImporter) -> (Import Result ID: '1a0e856827e398f2f9ca740fff3bd714') in 0.0387782 seconds [static and dynamic dependencies]. Details - ImportResultOutputID=d45d331d73a85259a545e93d48fbecd8 DependenciesID=b396fe1d4f5ebed1d3ddf1a910c79c00 StaticDependenciesID=0720eda579c1bc92406cff16f83a572c 
Number of updated asset objects reloaded before import = 0Number of asset objects unloaded after import = 3

========================================================================
Received Import Request.
  Time since last request: 0.000024 seconds.
  path: Assets/Status/Imports/Gelzo/Fun Hyper Casual UI Pack - FREE/Sprites/Buttons/EnableMusic1.png
  importAddress: Guid(ebe290dfc865a45458debf0ad9f4730c) Importer(2089858483,b0f066a214c2f5e87bad3c948f4d605d)
Start importing Assets/Status/Imports/Gelzo/Fun Hyper Casual UI Pack - FREE/Sprites/Buttons/EnableMusic1.png using Guid(ebe290dfc865a45458debf0ad9f4730c) Importer(2089858483,b0f066a214c2f5e87bad3c948f4d605d) (ScriptedImporter) -> (Import Result ID: '27290579a2c2e9d68e75601b242053f1') in 0.0395014 seconds [static and dynamic dependencies]. Details - ImportResultOutputID=42bd01daf3ef9b7f8a83028cccbcfadc DependenciesID=67de022e4b1ce0d6ff6ad2bd6713c839 StaticDependenciesID=1909fcbfa3d25cdd27946387ca039d18 
Number of updated asset objects reloaded before import = 0Number of asset objects unloaded after import = 3

========================================================================
Received Import Request.
  Time since last request: 0.000024 seconds.
  path: Assets/Status/Imports/Gelzo/Fun Hyper Casual UI Pack - FREE/Sprites/Buttons And Text/diamonds 5.png
  importAddress: Guid(37792b9d47574f54f9f00f2112f9755e) Importer(2089858483,b0f066a214c2f5e87bad3c948f4d605d)
Start importing Assets/Status/Imports/Gelzo/Fun Hyper Casual UI Pack - FREE/Sprites/Buttons And Text/diamonds 5.png using Guid(37792b9d47574f54f9f00f2112f9755e) Importer(2089858483,b0f066a214c2f5e87bad3c948f4d605d) (ScriptedImporter) -> (Import Result ID: '915a6fc0c545a5827445100784dabe64') in 0.0382511 seconds [static and dynamic dependencies]. Details - ImportResultOutputID=84bb8805528d372345652e155b6bf33a DependenciesID=0f765a4ebbc1e3d5beaee31bfb1b4955 StaticDependenciesID=17521d6b3c58b27038063a3a8ee4ce30 
Number of updated asset objects reloaded before import = 0Number of asset objects unloaded after import = 3

========================================================================
Received Import Request.
  Time since last request: 0.000016 seconds.
  path: Assets/Status/Imports/Gelzo/Fun Hyper Casual UI Pack - FREE/Sprites/Panels/18.png
  importAddress: Guid(a9fcb54bb56afe046a5bfd0bb494b069) Importer(2089858483,b0f066a214c2f5e87bad3c948f4d605d)
Start importing Assets/Status/Imports/Gelzo/Fun Hyper Casual UI Pack - FREE/Sprites/Panels/18.png using Guid(a9fcb54bb56afe046a5bfd0bb494b069) Importer(2089858483,b0f066a214c2f5e87bad3c948f4d605d) (ScriptedImporter) -> (Import Result ID: '150b34e97e7e8dc4be48ffebe596b18e') in 0.0761825 seconds [static and dynamic dependencies]. Details - ImportResultOutputID=fd3a39e0868545a77be98fd8548aa808 DependenciesID=022ce5ac9a3af5c3cf2eeadea3d49d0a StaticDependenciesID=5fe5efbb42052fd00a6c9a633ac60593 
Number of updated asset objects reloaded before import = 0Number of asset objects unloaded after import = 3

========================================================================
Received Import Request.
  Time since last request: 0.000025 seconds.
  path: Assets/Status/Imports/Gelzo/Fun Hyper Casual UI Pack - FREE/Sprites/Buttons/Lightning.png
  importAddress: Guid(d5a15e6cfd858a64b96f29bde2a458d7) Importer(2089858483,b0f066a214c2f5e87bad3c948f4d605d)
Start importing Assets/Status/Imports/Gelzo/Fun Hyper Casual UI Pack - FREE/Sprites/Buttons/Lightning.png using Guid(d5a15e6cfd858a64b96f29bde2a458d7) Importer(2089858483,b0f066a214c2f5e87bad3c948f4d605d) (ScriptedImporter) -> (Import Result ID: '3f3d1dab5ee3eec2261a48855a068f70') in 0.1278158 seconds [static and dynamic dependencies]. Details - ImportResultOutputID=a4b281562376a8ed9bbe4b5a38a22e87 DependenciesID=d79bf7b7cb66166c55e02a5d850f5486 StaticDependenciesID=6777f751ee8f9190b64b3e89e8515695 
Number of updated asset objects reloaded before import = 0Number of asset objects unloaded after import = 3

========================================================================
Received Import Request.
  Time since last request: 0.000016 seconds.
  path: Assets/Status/Imports/Gelzo/Fun Hyper Casual UI Pack - FREE/Sprites/Buttons/Coin4.png
  importAddress: Guid(6517eb950fb0ac2479997feee9e1e00f) Importer(2089858483,b0f066a214c2f5e87bad3c948f4d605d)
Start importing Assets/Status/Imports/Gelzo/Fun Hyper Casual UI Pack - FREE/Sprites/Buttons/Coin4.png using Guid(6517eb950fb0ac2479997feee9e1e00f) Importer(2089858483,b0f066a214c2f5e87bad3c948f4d605d) (ScriptedImporter) -> (Import Result ID: '51e03875df0a3167e19f4f6cb41bf27f') in 0.0391934 seconds [static and dynamic dependencies]. Details - ImportResultOutputID=1f701ad894dd4e5bd548b8e26ba63dc7 DependenciesID=2020328fabb08b75559b9f373162d319 StaticDependenciesID=a1590919f08f73130cfb190eb06539d2 
Number of updated asset objects reloaded before import = 0Number of asset objects unloaded after import = 3

========================================================================
Received Import Request.
  Time since last request: 0.000017 seconds.
  path: Assets/Status/Imports/Gelzo/Fun Hyper Casual UI Pack - FREE/Sprites/Buttons And Text/Settings Banner 5.png
  importAddress: Guid(ecb816bc2072d1144bb6df14358fc831) Importer(2089858483,b0f066a214c2f5e87bad3c948f4d605d)
Start importing Assets/Status/Imports/Gelzo/Fun Hyper Casual UI Pack - FREE/Sprites/Buttons And Text/Settings Banner 5.png using Guid(ecb816bc2072d1144bb6df14358fc831) Importer(2089858483,b0f066a214c2f5e87bad3c948f4d605d) (ScriptedImporter) -> (Import Result ID: '0f8a54a56f3ed0f9834a837bebf3e858') in 0.0432635 seconds [static and dynamic dependencies]. Details - ImportResultOutputID=06d357baa1c2e8e5a02131a37eb77060 DependenciesID=e597e5332acdf4c614e43cfb32520682 StaticDependenciesID=7fd2e436e10c59dc0b7b3ff09914a492 
Number of updated asset objects reloaded before import = 0Number of asset objects unloaded after import = 3

========================================================================
Received Import Request.
  Time since last request: 0.000029 seconds.
  path: Assets/Status/Imports/Gelzo/Fun Hyper Casual UI Pack - FREE/Sprites/Buttons And Text/Settings5.png
  importAddress: Guid(515e68edaa4087147b039dfb507b6a79) Importer(2089858483,b0f066a214c2f5e87bad3c948f4d605d)
Start importing Assets/Status/Imports/Gelzo/Fun Hyper Casual UI Pack - FREE/Sprites/Buttons And Text/Settings5.png using Guid(515e68edaa4087147b039dfb507b6a79) Importer(2089858483,b0f066a214c2f5e87bad3c948f4d605d) (ScriptedImporter) -> (Import Result ID: 'ae97a2fa75fed86e1f216594c55d6ccd') in 0.0424546 seconds [static and dynamic dependencies]. Details - ImportResultOutputID=7f613b64aed96d1c7a8514bda5f2ef1d DependenciesID=1d72f8ffca12ee3a01d81cd9d27a0058 StaticDependenciesID=2809cc3746dfd31a3365c133276b4f40 
Number of updated asset objects reloaded before import = 0Number of asset objects unloaded after import = 3

========================================================================
Received Import Request.
  Time since last request: 0.000018 seconds.
  path: Assets/Status/Imports/Gelzo/Fun Hyper Casual UI Pack - FREE/Sprites/Buttons/MuteSound2.png
  importAddress: Guid(806246880cf47e849983a3e3e726702b) Importer(2089858483,b0f066a214c2f5e87bad3c948f4d605d)
Start importing Assets/Status/Imports/Gelzo/Fun Hyper Casual UI Pack - FREE/Sprites/Buttons/MuteSound2.png using Guid(806246880cf47e849983a3e3e726702b) Importer(2089858483,b0f066a214c2f5e87bad3c948f4d605d) (ScriptedImporter) -> (Import Result ID: 'bf2207b2926300915f5b6bbe190e522f') in 0.0380346 seconds [static and dynamic dependencies]. Details - ImportResultOutputID=a8a9d9dde7f0ad673412b15186cffb86 DependenciesID=d479df5625623bcf6548de471e62106e StaticDependenciesID=095cee3c8b12e788428d5c9d63de8166 
Number of updated asset objects reloaded before import = 0Number of asset objects unloaded after import = 3

========================================================================
Received Import Request.
  Time since last request: 0.000016 seconds.
  path: Assets/Status/Imports/Gelzo/Fun Hyper Casual UI Pack - FREE/Sprites/Panels/75.png
  importAddress: Guid(b63a2c9c06e60b8418a40b092ef0b42e) Importer(2089858483,b0f066a214c2f5e87bad3c948f4d605d)
Start importing Assets/Status/Imports/Gelzo/Fun Hyper Casual UI Pack - FREE/Sprites/Panels/75.png using Guid(b63a2c9c06e60b8418a40b092ef0b42e) Importer(2089858483,b0f066a214c2f5e87bad3c948f4d605d) (ScriptedImporter) -> (Import Result ID: '920031e4e7a2b5d6b04a73fb56d63b27') in 0.0357298 seconds [static and dynamic dependencies]. Details - ImportResultOutputID=48c01d35d0ff1d262d675b6df36cb70b DependenciesID=45e3d62896880cb96118a703d4e533e2 StaticDependenciesID=d33d8709764c7189acd217d1da6244ff 
Number of updated asset objects reloaded before import = 0Number of asset objects unloaded after import = 3

========================================================================
Received Import Request.
  Time since last request: 0.000028 seconds.
  path: Assets/Status/Imports/Gelzo/Fun Hyper Casual UI Pack - FREE/Sprites/Buttons And Text/Settings 3.png
  importAddress: Guid(78c4b7ec40faaf2438a70ae50759fa6a) Importer(2089858483,b0f066a214c2f5e87bad3c948f4d605d)
Start importing Assets/Status/Imports/Gelzo/Fun Hyper Casual UI Pack - FREE/Sprites/Buttons And Text/Settings 3.png using Guid(78c4b7ec40faaf2438a70ae50759fa6a) Importer(2089858483,b0f066a214c2f5e87bad3c948f4d605d) (ScriptedImporter) -> (Import Result ID: '2f332c193de9b5c824214be7909a12d3') in 0.0353216 seconds [static and dynamic dependencies]. Details - ImportResultOutputID=fe1f2d8b66b0a971028e2eb68edd3691 DependenciesID=8c6db9d4ba831c892c4f2d30645d18a5 StaticDependenciesID=7750b38ba2e547df5daa5ac250309f6c 
Number of updated asset objects reloaded before import = 0Number of asset objects unloaded after import = 3

========================================================================
Received Import Request.
  Time since last request: 0.000034 seconds.
  path: Assets/Status/Imports/Gelzo/Fun Hyper Casual UI Pack - FREE/Sprites/Buttons/Next2.png
  importAddress: Guid(57841ddfb0065dc4697f85cc1269eed8) Importer(2089858483,b0f066a214c2f5e87bad3c948f4d605d)
Start importing Assets/Status/Imports/Gelzo/Fun Hyper Casual UI Pack - FREE/Sprites/Buttons/Next2.png using Guid(57841ddfb0065dc4697f85cc1269eed8) Importer(2089858483,b0f066a214c2f5e87bad3c948f4d605d) (ScriptedImporter) -> (Import Result ID: '8bc488d82079e3fcfbc7bb63904485cb') in 0.0355161 seconds [static and dynamic dependencies]. Details - ImportResultOutputID=cdfa8c16b666c54d135cbe486b85f18e DependenciesID=8c47f91682cb3c6d1d7e368654b27b3b StaticDependenciesID=a8d544655554e527ff38831ec6ad2e7f 
Number of updated asset objects reloaded before import = 0Number of asset objects unloaded after import = 3

========================================================================
Received Import Request.
  Time since last request: 0.000026 seconds.
  path: Assets/Status/Imports/Gelzo/Fun Hyper Casual UI Pack - FREE/Sprites/Panels/04.png
  importAddress: Guid(ae4414fef77a9bd489d47115c596d510) Importer(2089858483,b0f066a214c2f5e87bad3c948f4d605d)
Start importing Assets/Status/Imports/Gelzo/Fun Hyper Casual UI Pack - FREE/Sprites/Panels/04.png using Guid(ae4414fef77a9bd489d47115c596d510) Importer(2089858483,b0f066a214c2f5e87bad3c948f4d605d) (ScriptedImporter) -> (Import Result ID: '1f8d24aaca9550b58dbf8204be26e7ef') in 0.0377228 seconds [static and dynamic dependencies]. Details - ImportResultOutputID=ff0608af8868e114369e28806dc6bda4 DependenciesID=43488e1d7f2c5ac0a9ff177284dbeedc StaticDependenciesID=6e738e7617ec2db8c541766cb593f86b 
Number of updated asset objects reloaded before import = 0Number of asset objects unloaded after import = 3

========================================================================
Received Import Request.
  Time since last request: 0.000018 seconds.
  path: Assets/Status/Imports/Gelzo/Fun Hyper Casual UI Pack - FREE/Sprites/Buttons And Text/Play 06.png
  importAddress: Guid(a766e6ab4bb2082499d713efcbadaa85) Importer(2089858483,b0f066a214c2f5e87bad3c948f4d605d)
Start importing Assets/Status/Imports/Gelzo/Fun Hyper Casual UI Pack - FREE/Sprites/Buttons And Text/Play 06.png using Guid(a766e6ab4bb2082499d713efcbadaa85) Importer(2089858483,b0f066a214c2f5e87bad3c948f4d605d) (ScriptedImporter) -> (Import Result ID: '40e2147575e5982d714b0b32f11ee9e0') in 0.03295 seconds [static and dynamic dependencies]. Details - ImportResultOutputID=986856444ae6a9f591178f6e0636e4a2 DependenciesID=381f1c4cd7521dd984e0651a520804df StaticDependenciesID=2823c03f55d9e7b079f163e173c934a4 
Number of updated asset objects reloaded before import = 0Number of asset objects unloaded after import = 3

========================================================================
Received Import Request.
  Time since last request: 0.000022 seconds.
  path: Assets/Status/Imports/Gelzo/Fun Hyper Casual UI Pack - FREE/Sprites/Panels/12.png
  importAddress: Guid(398440fd79261c34c85876dcf0a69556) Importer(2089858483,b0f066a214c2f5e87bad3c948f4d605d)
Start importing Assets/Status/Imports/Gelzo/Fun Hyper Casual UI Pack - FREE/Sprites/Panels/12.png using Guid(398440fd79261c34c85876dcf0a69556) Importer(2089858483,b0f066a214c2f5e87bad3c948f4d605d) (ScriptedImporter) -> (Import Result ID: 'b1869be276479bd3b5259ba036380b57') in 0.0477757 seconds [static and dynamic dependencies]. Details - ImportResultOutputID=080004a526359aa1f91c59ce78f9d27d DependenciesID=c6e285ecb999c57e97cc19debbeec931 StaticDependenciesID=8988f14d2bb261d53e90771777d8d839 
Number of updated asset objects reloaded before import = 0Number of asset objects unloaded after import = 3

========================================================================
Received Import Request.
  Time since last request: 0.000027 seconds.
  path: Assets/Status/Imports/Gelzo/Fun Hyper Casual UI Pack - FREE/Sprites/Panels/23.png
  importAddress: Guid(9580ce58b5bd3cb43abb7356adc102a8) Importer(2089858483,b0f066a214c2f5e87bad3c948f4d605d)
Start importing Assets/Status/Imports/Gelzo/Fun Hyper Casual UI Pack - FREE/Sprites/Panels/23.png using Guid(9580ce58b5bd3cb43abb7356adc102a8) Importer(2089858483,b0f066a214c2f5e87bad3c948f4d605d) (ScriptedImporter) -> (Import Result ID: '477ee4bec7fd69726fa902d37c00f4b9') in 0.0423331 seconds [static and dynamic dependencies]. Details - ImportResultOutputID=c8c7c27dc7868282fc2666f9f13eb84e DependenciesID=5921698fad72685e488372d5b8c42619 StaticDependenciesID=a68dcbf50ca44301b1d6f62087312942 
Number of updated asset objects reloaded before import = 0Number of asset objects unloaded after import = 3

========================================================================
Received Import Request.
  Time since last request: 0.000017 seconds.
  path: Assets/Status/Imports/Gelzo/Fun Hyper Casual UI Pack - FREE/Sprites/Buttons/Coin5.png
  importAddress: Guid(13fbe66d37461ec42bb54d8ef83346b4) Importer(2089858483,b0f066a214c2f5e87bad3c948f4d605d)
Start importing Assets/Status/Imports/Gelzo/Fun Hyper Casual UI Pack - FREE/Sprites/Buttons/Coin5.png using Guid(13fbe66d37461ec42bb54d8ef83346b4) Importer(2089858483,b0f066a214c2f5e87bad3c948f4d605d) (ScriptedImporter) -> (Import Result ID: 'd304eace445235bc497bbdb872cbbe16') in 0.0384617 seconds [static and dynamic dependencies]. Details - ImportResultOutputID=2e71068b085048189b4ba5b1809a535d DependenciesID=0e304902dbfb2f56b67ce9f4ffe20f12 StaticDependenciesID=9a38b89639ab7642ddb94c689ebcb727 
Number of updated asset objects reloaded before import = 0Number of asset objects unloaded after import = 3

========================================================================
Received Import Request.
  Time since last request: 0.000021 seconds.
  path: Assets/Status/Imports/Gelzo/Fun Hyper Casual UI Pack - FREE/Sprites/Panels/63.png
  importAddress: Guid(773e6fc688ffad1488277d73c5ea11b2) Importer(2089858483,b0f066a214c2f5e87bad3c948f4d605d)
Start importing Assets/Status/Imports/Gelzo/Fun Hyper Casual UI Pack - FREE/Sprites/Panels/63.png using Guid(773e6fc688ffad1488277d73c5ea11b2) Importer(2089858483,b0f066a214c2f5e87bad3c948f4d605d) (ScriptedImporter) -> (Import Result ID: '4452385c45baa30ed5613b08cd685176') in 0.0373476 seconds [static and dynamic dependencies]. Details - ImportResultOutputID=8a01bf05e07d83bb348b46e2ec6935c1 DependenciesID=c592de9f25dda8cd3197007b0bed257a StaticDependenciesID=ddc9a9fa81ebff56a652950bbae94d64 
Number of updated asset objects reloaded before import = 0Number of asset objects unloaded after import = 3

========================================================================
Received Import Request.
  Time since last request: 0.000020 seconds.
  path: Assets/Status/Imports/Gelzo/Fun Hyper Casual UI Pack - FREE/Sprites/Panels/37.png
  importAddress: Guid(d942700472141724c846a2179d0f41d2) Importer(2089858483,b0f066a214c2f5e87bad3c948f4d605d)
Start importing Assets/Status/Imports/Gelzo/Fun Hyper Casual UI Pack - FREE/Sprites/Panels/37.png using Guid(d942700472141724c846a2179d0f41d2) Importer(2089858483,b0f066a214c2f5e87bad3c948f4d605d) (ScriptedImporter) -> (Import Result ID: '326036a4ca72a016d9c7983d00cdb77c') in 0.0325246 seconds [static and dynamic dependencies]. Details - ImportResultOutputID=de43ac9c3ee80ee1e1732a483361d430 DependenciesID=65fa3946b25281941fb0edd26ccfdf70 StaticDependenciesID=16dfdab9f20618be8515447e410f28db 
Number of updated asset objects reloaded before import = 0Number of asset objects unloaded after import = 3

========================================================================
Received Import Request.
  Time since last request: 0.000035 seconds.
  path: Assets/Status/Imports/Gelzo/Fun Hyper Casual UI Pack - FREE/Sprites/Panels/06.png
  importAddress: Guid(41b6e819f35c5cb4296d5d48acd77785) Importer(2089858483,b0f066a214c2f5e87bad3c948f4d605d)
Start importing Assets/Status/Imports/Gelzo/Fun Hyper Casual UI Pack - FREE/Sprites/Panels/06.png using Guid(41b6e819f35c5cb4296d5d48acd77785) Importer(2089858483,b0f066a214c2f5e87bad3c948f4d605d) (ScriptedImporter) -> (Import Result ID: '4392a9b4e8206acbfe91c4643f7b3afe') in 0.0350984 seconds [static and dynamic dependencies]. Details - ImportResultOutputID=6232e047f4c1299a31b177a34465935c DependenciesID=6c242dfa67a1b91755e45b8e74f94950 StaticDependenciesID=3b4de42d9abb65c90c087b3721865df0 
Number of updated asset objects reloaded before import = 0Number of asset objects unloaded after import = 3

========================================================================
Received Import Request.
  Time since last request: 0.000014 seconds.
  path: Assets/Status/Imports/Gelzo/Fun Hyper Casual UI Pack - FREE/Sprites/Buttons/Star1.png
  importAddress: Guid(ade8092d02062ff43ab9fce75933b1c6) Importer(2089858483,b0f066a214c2f5e87bad3c948f4d605d)
Start importing Assets/Status/Imports/Gelzo/Fun Hyper Casual UI Pack - FREE/Sprites/Buttons/Star1.png using Guid(ade8092d02062ff43ab9fce75933b1c6) Importer(2089858483,b0f066a214c2f5e87bad3c948f4d605d) (ScriptedImporter) -> (Import Result ID: 'dc1f9c2d6fcd289dc5a9cd08dbe03c5c') in 0.0367813 seconds [static and dynamic dependencies]. Details - ImportResultOutputID=5c561c680cc2acd0759edfbf7572157c DependenciesID=67f1fc3a688ad0df5b70e684640964aa StaticDependenciesID=5a9fdc375f3c55e6275951fef579b468 
Number of updated asset objects reloaded before import = 0Number of asset objects unloaded after import = 3

========================================================================
Received Import Request.
  Time since last request: 0.000025 seconds.
  path: Assets/Status/Imports/Gelzo/Fun Hyper Casual UI Pack - FREE/Sprites/Buttons And Text/Play 07.png
  importAddress: Guid(218d87b8a7db9c54987fb162780d0805) Importer(2089858483,b0f066a214c2f5e87bad3c948f4d605d)
Start importing Assets/Status/Imports/Gelzo/Fun Hyper Casual UI Pack - FREE/Sprites/Buttons And Text/Play 07.png using Guid(218d87b8a7db9c54987fb162780d0805) Importer(2089858483,b0f066a214c2f5e87bad3c948f4d605d) (ScriptedImporter) -> (Import Result ID: '3d1cd2cdbf20f3b417a4915b15549fbb') in 0.0570697 seconds [static and dynamic dependencies]. Details - ImportResultOutputID=b76ccc17241d0dd91732a00ae80a1dbf DependenciesID=db28fd7a637ff149342ba175e40f9008 StaticDependenciesID=0cda29846e892d50e06dfe44c79fc461 
Number of updated asset objects reloaded before import = 0Number of asset objects unloaded after import = 3

========================================================================
Received Import Request.
  Time since last request: 0.000017 seconds.
  path: Assets/Status/Imports/Gelzo/Fun Hyper Casual UI Pack - FREE/Sprites/Buttons And Text/Quit 1.png
  importAddress: Guid(15fb8a3314c786b49a821b4a8de611fd) Importer(2089858483,b0f066a214c2f5e87bad3c948f4d605d)
Start importing Assets/Status/Imports/Gelzo/Fun Hyper Casual UI Pack - FREE/Sprites/Buttons And Text/Quit 1.png using Guid(15fb8a3314c786b49a821b4a8de611fd) Importer(2089858483,b0f066a214c2f5e87bad3c948f4d605d) (ScriptedImporter) -> (Import Result ID: 'adb33987153db7efacc9655338a08d76') in 0.0383712 seconds [static and dynamic dependencies]. Details - ImportResultOutputID=0e9e63027c47d8dac4962670ea2eec29 DependenciesID=e728f43b685c5e4a19d118371554b19b StaticDependenciesID=bf23e42215c3eb1f98c5aa5eb8009fa2 
Number of updated asset objects reloaded before import = 0Number of asset objects unloaded after import = 3

========================================================================
Received Import Request.
  Time since last request: 0.000024 seconds.
  path: Assets/Status/Imports/Gelzo/Fun Hyper Casual UI Pack - FREE/Sprites/Buttons And Text/Settings 7.png
  importAddress: Guid(6faa54b11e5dfdd4f9f4dd6e76fe92a5) Importer(2089858483,b0f066a214c2f5e87bad3c948f4d605d)
Start importing Assets/Status/Imports/Gelzo/Fun Hyper Casual UI Pack - FREE/Sprites/Buttons And Text/Settings 7.png using Guid(6faa54b11e5dfdd4f9f4dd6e76fe92a5) Importer(2089858483,b0f066a214c2f5e87bad3c948f4d605d) (ScriptedImporter) -> (Import Result ID: 'bd65b7f7f540c2f512c634776d1e5f2f') in 0.0383127 seconds [static and dynamic dependencies]. Details - ImportResultOutputID=e413e61cb9a9dc82f00c96d7cf76a04a DependenciesID=7a30d6e17555ca65d455247462fc2d23 StaticDependenciesID=238bd4d7c0fa159a0d6b7ecf1d7ad466 
Number of updated asset objects reloaded before import = 0Number of asset objects unloaded after import = 3

========================================================================
Received Import Request.
  Time since last request: 0.000016 seconds.
  path: Assets/Status/Imports/Gelzo/Fun Hyper Casual UI Pack - FREE/Sprites/Buttons/Pause5.png
  importAddress: Guid(1f6204018e7b60d46a5aeb7d4b6dd2c3) Importer(2089858483,b0f066a214c2f5e87bad3c948f4d605d)
Start importing Assets/Status/Imports/Gelzo/Fun Hyper Casual UI Pack - FREE/Sprites/Buttons/Pause5.png using Guid(1f6204018e7b60d46a5aeb7d4b6dd2c3) Importer(2089858483,b0f066a214c2f5e87bad3c948f4d605d) (ScriptedImporter) -> (Import Result ID: 'd8f3c8edfbf92d6416d37790e5fff698') in 0.037526 seconds [static and dynamic dependencies]. Details - ImportResultOutputID=926a5988c750c3d78220bdaaefa17cfe DependenciesID=f2a09c2b045f1140634a7bd2c690d338 StaticDependenciesID=11f4d2bf8974cc1f94f1663b34813475 
Number of updated asset objects reloaded before import = 0Number of asset objects unloaded after import = 3

========================================================================
Received Import Request.
  Time since last request: 0.000024 seconds.
  path: Assets/Status/Imports/Gelzo/Fun Hyper Casual UI Pack - FREE/Sprites/Buttons And Text/Hearts 5.png
  importAddress: Guid(c57d6c0b932918745abc452e5ae774e9) Importer(2089858483,b0f066a214c2f5e87bad3c948f4d605d)
Start importing Assets/Status/Imports/Gelzo/Fun Hyper Casual UI Pack - FREE/Sprites/Buttons And Text/Hearts 5.png using Guid(c57d6c0b932918745abc452e5ae774e9) Importer(2089858483,b0f066a214c2f5e87bad3c948f4d605d) (ScriptedImporter) -> (Import Result ID: '13e4904c40181f1ffaeaecc8b28236c0') in 0.0340711 seconds [static and dynamic dependencies]. Details - ImportResultOutputID=745b5b1cb1e3377cdf0949b1eb7c0ad4 DependenciesID=8f76759237be9e563c67a9a9abff2d14 StaticDependenciesID=63bb7841a714f7c55595d75ef324fa3c 
Number of updated asset objects reloaded before import = 0Number of asset objects unloaded after import = 3

========================================================================
Received Import Request.
  Time since last request: 0.000016 seconds.
  path: Assets/Status/Imports/Gelzo/Fun Hyper Casual UI Pack - FREE/Sprites/Buttons/Yes5.png
  importAddress: Guid(7109265ba2356954993ad1af241ed364) Importer(2089858483,b0f066a214c2f5e87bad3c948f4d605d)
Start importing Assets/Status/Imports/Gelzo/Fun Hyper Casual UI Pack - FREE/Sprites/Buttons/Yes5.png using Guid(7109265ba2356954993ad1af241ed364) Importer(2089858483,b0f066a214c2f5e87bad3c948f4d605d) (ScriptedImporter) -> (Import Result ID: '824d72c1cbf97981b82602459b6e638a') in 0.0311562 seconds [static and dynamic dependencies]. Details - ImportResultOutputID=103fe2efb49bc47625018d21b9b6bb17 DependenciesID=49cf3a47b60a6361de5fce8f13ed6da3 StaticDependenciesID=c3434a9557362bbc239675de25a80af5 
Number of updated asset objects reloaded before import = 0Number of asset objects unloaded after import = 3

========================================================================
Received Import Request.
  Time since last request: 0.000029 seconds.
  path: Assets/Status/Imports/Gelzo/Fun Hyper Casual UI Pack - FREE/Sprites/Panels/03.png
  importAddress: Guid(f719a2bee8e7c6b47b68639ccf837c04) Importer(2089858483,b0f066a214c2f5e87bad3c948f4d605d)
Start importing Assets/Status/Imports/Gelzo/Fun Hyper Casual UI Pack - FREE/Sprites/Panels/03.png using Guid(f719a2bee8e7c6b47b68639ccf837c04) Importer(2089858483,b0f066a214c2f5e87bad3c948f4d605d) (ScriptedImporter) -> (Import Result ID: '5c0c58b4e76397f10b74534ec90d13b9') in 0.042968 seconds [static and dynamic dependencies]. Details - ImportResultOutputID=f5725d73cfb87244d9180375846c44e3 DependenciesID=66e0b86c0f97d189d59d758b778d4bc1 StaticDependenciesID=bc1ea53b8b96fc0784c6445cd27d34a7 
Number of updated asset objects reloaded before import = 0Number of asset objects unloaded after import = 3

========================================================================
Received Import Request.
  Time since last request: 0.000020 seconds.
  path: Assets/Status/Imports/Gelzo/Fun Hyper Casual UI Pack - FREE/Sprites/Buttons And Text/Quit 4.png
  importAddress: Guid(77e3f333e5360064c82fa17de570a1c6) Importer(2089858483,b0f066a214c2f5e87bad3c948f4d605d)
Start importing Assets/Status/Imports/Gelzo/Fun Hyper Casual UI Pack - FREE/Sprites/Buttons And Text/Quit 4.png using Guid(77e3f333e5360064c82fa17de570a1c6) Importer(2089858483,b0f066a214c2f5e87bad3c948f4d605d) (ScriptedImporter) -> (Import Result ID: '898dded072a86dd0ef5a5543b41e9a1e') in 0.0635855 seconds [static and dynamic dependencies]. Details - ImportResultOutputID=545230111ed0d02c02a57ea13aea062a DependenciesID=cbf085f5752e7eff5efa9a2c16cb917d StaticDependenciesID=d48f7b60c50951ff19c066d4479c283c 
Number of updated asset objects reloaded before import = 0Number of asset objects unloaded after import = 3

========================================================================
Received Import Request.
  Time since last request: 0.000012 seconds.
  path: Assets/Status/Imports/Gelzo/Fun Hyper Casual UI Pack - FREE/Sprites/Buttons And Text/quit 04.png
  importAddress: Guid(c0b7e60073e8e524ea6a6dd7f62ca105) Importer(2089858483,b0f066a214c2f5e87bad3c948f4d605d)
Start importing Assets/Status/Imports/Gelzo/Fun Hyper Casual UI Pack - FREE/Sprites/Buttons And Text/quit 04.png using Guid(c0b7e60073e8e524ea6a6dd7f62ca105) Importer(2089858483,b0f066a214c2f5e87bad3c948f4d605d) (ScriptedImporter) -> (Import Result ID: '8c90aa18e1063de6ef204af82f7169e3') in 0.045622 seconds [static and dynamic dependencies]. Details - ImportResultOutputID=c9cce31e52b13e4dab109095358a63bb DependenciesID=29b7e598babc461647493122b8cac581 StaticDependenciesID=ae833e94033112d3c8d09b00e47db2f8 
Number of updated asset objects reloaded before import = 0Number of asset objects unloaded after import = 3

========================================================================
Received Import Request.
  Time since last request: 0.000018 seconds.
  path: Assets/Status/Imports/Gelzo/Fun Hyper Casual UI Pack - FREE/Sprites/Buttons/Circle4.png
  importAddress: Guid(0beb911912262a94792460c20097f3f2) Importer(2089858483,b0f066a214c2f5e87bad3c948f4d605d)
Start importing Assets/Status/Imports/Gelzo/Fun Hyper Casual UI Pack - FREE/Sprites/Buttons/Circle4.png using Guid(0beb911912262a94792460c20097f3f2) Importer(2089858483,b0f066a214c2f5e87bad3c948f4d605d) (ScriptedImporter) -> (Import Result ID: '74f048b415b8878c32a9c226b40e4221') in 0.034592 seconds [static and dynamic dependencies]. Details - ImportResultOutputID=32648bcaa87ac65ca198389a747aa6e0 DependenciesID=767d475f0c5d53c6d84638bc4b234b85 StaticDependenciesID=44073ce8e87f76d8b9efbfb4ce4dcbaf 
Number of updated asset objects reloaded before import = 0Number of asset objects unloaded after import = 3

========================================================================
Received Import Request.
  Time since last request: 0.000049 seconds.
  path: Assets/Status/Imports/Gelzo/Fun Hyper Casual UI Pack - FREE/Sprites/Buttons/Yes3.png
  importAddress: Guid(19593ed2946dcd0439b0dfbb564bc967) Importer(2089858483,b0f066a214c2f5e87bad3c948f4d605d)
Start importing Assets/Status/Imports/Gelzo/Fun Hyper Casual UI Pack - FREE/Sprites/Buttons/Yes3.png using Guid(19593ed2946dcd0439b0dfbb564bc967) Importer(2089858483,b0f066a214c2f5e87bad3c948f4d605d) (ScriptedImporter) -> (Import Result ID: '71fab4f1b8c4397828924c69a28b2294') in 0.0354284 seconds [static and dynamic dependencies]. Details - ImportResultOutputID=58ae891e975b42a18eda4f85bfbf0131 DependenciesID=7aa847318f754f21a91b2d633391b576 StaticDependenciesID=4467e102f0599d15df0fb6e7e5495291 
Number of updated asset objects reloaded before import = 0Number of asset objects unloaded after import = 3

========================================================================
Received Import Request.
  Time since last request: 0.000015 seconds.
  path: Assets/Status/Imports/Gelzo/Fun Hyper Casual UI Pack - FREE/Sprites/Buttons And Text/Settings1.png
  importAddress: Guid(e519cc926eb285c498331cd3dda6ddfa) Importer(2089858483,b0f066a214c2f5e87bad3c948f4d605d)
Start importing Assets/Status/Imports/Gelzo/Fun Hyper Casual UI Pack - FREE/Sprites/Buttons And Text/Settings1.png using Guid(e519cc926eb285c498331cd3dda6ddfa) Importer(2089858483,b0f066a214c2f5e87bad3c948f4d605d) (ScriptedImporter) -> (Import Result ID: '179f357ba3800b974a5b3513f4e7bc03') in 0.039434 seconds [static and dynamic dependencies]. Details - ImportResultOutputID=67868808105dbabe1e12db137a211bf3 DependenciesID=468406b357488c9a7b022324ff3e9247 StaticDependenciesID=6a02122a58fa1fcb6a6f778945050fe1 
Number of updated asset objects reloaded before import = 0Number of asset objects unloaded after import = 3

========================================================================
Received Import Request.
  Time since last request: 0.000018 seconds.
  path: Assets/Status/Imports/Gelzo/Fun Hyper Casual UI Pack - FREE/Sprites/Buttons/Clock5.png
  importAddress: Guid(afdd08b28769942408ec7718cb42dd1b) Importer(2089858483,b0f066a214c2f5e87bad3c948f4d605d)
Start importing Assets/Status/Imports/Gelzo/Fun Hyper Casual UI Pack - FREE/Sprites/Buttons/Clock5.png using Guid(afdd08b28769942408ec7718cb42dd1b) Importer(2089858483,b0f066a214c2f5e87bad3c948f4d605d) (ScriptedImporter) -> (Import Result ID: '146c9eb35aab11c183c52c71f00d70b7') in 0.042752 seconds [static and dynamic dependencies]. Details - ImportResultOutputID=16b74ba33eee1b5a93f6a884c985e0c0 DependenciesID=367bf17427012b712e9612f1ea50fef6 StaticDependenciesID=a9f77ba4b9eaa7fa73f04994b45e7670 
Number of updated asset objects reloaded before import = 0Number of asset objects unloaded after import = 3

========================================================================
Received Import Request.
  Time since last request: 0.000017 seconds.
  path: Assets/Status/Imports/Gelzo/Fun Hyper Casual UI Pack - FREE/Sprites/Panels/30.png
  importAddress: Guid(8836805ee9ee96946a831ba7fee18239) Importer(2089858483,b0f066a214c2f5e87bad3c948f4d605d)
Start importing Assets/Status/Imports/Gelzo/Fun Hyper Casual UI Pack - FREE/Sprites/Panels/30.png using Guid(8836805ee9ee96946a831ba7fee18239) Importer(2089858483,b0f066a214c2f5e87bad3c948f4d605d) (ScriptedImporter) -> (Import Result ID: '5c6197479671ca58ac186d2bb9b64d7d') in 0.0358148 seconds [static and dynamic dependencies]. Details - ImportResultOutputID=5632384c78ffb66f73a3482c9c3ba6a2 DependenciesID=c5e9208c4394dde5861ff0c603d551e5 StaticDependenciesID=6849441a442d5d09d4dac628cc212078 
Number of updated asset objects reloaded before import = 0Number of asset objects unloaded after import = 3

========================================================================
Received Import Request.
  Time since last request: 0.000032 seconds.
  path: Assets/Status/Imports/Gelzo/Fun Hyper Casual UI Pack - FREE/Sprites/Buttons/Unlock4.png
  importAddress: Guid(5fe49ff2cdca0954cbc60be0b15bde0d) Importer(2089858483,b0f066a214c2f5e87bad3c948f4d605d)
Start importing Assets/Status/Imports/Gelzo/Fun Hyper Casual UI Pack - FREE/Sprites/Buttons/Unlock4.png using Guid(5fe49ff2cdca0954cbc60be0b15bde0d) Importer(2089858483,b0f066a214c2f5e87bad3c948f4d605d) (ScriptedImporter) -> (Import Result ID: '011efa7471a6f403107053e29a5d1fa8') in 0.0376427 seconds [static and dynamic dependencies]. Details - ImportResultOutputID=0a802914c243cfc6ba739745a6d93a03 DependenciesID=208b776eada2b17f91828211b5918f4c StaticDependenciesID=1576b1e7cd68e1cdb1aec761b0c73c70 
Number of updated asset objects reloaded before import = 0Number of asset objects unloaded after import = 3

========================================================================
Received Import Request.
  Time since last request: 0.000020 seconds.
  path: Assets/Status/Imports/Gelzo/Fun Hyper Casual UI Pack - FREE/Sprites/Buttons/Back3.png
  importAddress: Guid(cd867ec8eb37e9d4c838096258f7541f) Importer(2089858483,b0f066a214c2f5e87bad3c948f4d605d)
Start importing Assets/Status/Imports/Gelzo/Fun Hyper Casual UI Pack - FREE/Sprites/Buttons/Back3.png using Guid(cd867ec8eb37e9d4c838096258f7541f) Importer(2089858483,b0f066a214c2f5e87bad3c948f4d605d) (ScriptedImporter) -> (Import Result ID: '0c77570822a4fe1c673e468c1c2ec076') in 0.0367188 seconds [static and dynamic dependencies]. Details - ImportResultOutputID=d49859b63df7abc798a8df82d4c37a19 DependenciesID=a4bec5e906af8ef7c6023e97cedc392b StaticDependenciesID=f71250173d921070908a249be5f62a95 
Number of updated asset objects reloaded before import = 0Number of asset objects unloaded after import = 3

========================================================================
Received Import Request.
  Time since last request: 0.000020 seconds.
  path: Assets/Status/Imports/Gelzo/Fun Hyper Casual UI Pack - FREE/Sprites/Panels/39.png
  importAddress: Guid(63f4fa0e11d862a4582b808df91c75b1) Importer(2089858483,b0f066a214c2f5e87bad3c948f4d605d)
Start importing Assets/Status/Imports/Gelzo/Fun Hyper Casual UI Pack - FREE/Sprites/Panels/39.png using Guid(63f4fa0e11d862a4582b808df91c75b1) Importer(2089858483,b0f066a214c2f5e87bad3c948f4d605d) (ScriptedImporter) -> (Import Result ID: '8225f6eb2452fe3c2dced6dee4e29feb') in 0.0407787 seconds [static and dynamic dependencies]. Details - ImportResultOutputID=2486176ae8162374e1ed232d2c9eee16 DependenciesID=d5ae4886d44495996b4859433015741d StaticDependenciesID=8a3af1cfee0f6c135a145e2c581afbdb 
Number of updated asset objects reloaded before import = 0Number of asset objects unloaded after import = 3

========================================================================
Received Import Request.
  Time since last request: 0.000027 seconds.
  path: Assets/Status/Imports/Gelzo/Fun Hyper Casual UI Pack - FREE/Sprites/Buttons And Text/quit 02.png
  importAddress: Guid(555fb6c5fb4df6249bb8ba919cc6ac79) Importer(2089858483,b0f066a214c2f5e87bad3c948f4d605d)
Start importing Assets/Status/Imports/Gelzo/Fun Hyper Casual UI Pack - FREE/Sprites/Buttons And Text/quit 02.png using Guid(555fb6c5fb4df6249bb8ba919cc6ac79) Importer(2089858483,b0f066a214c2f5e87bad3c948f4d605d) (ScriptedImporter) -> (Import Result ID: 'a249bf16f301e1f674d77f91e8b15638') in 0.0488353 seconds [static and dynamic dependencies]. Details - ImportResultOutputID=2e9dbcc09db4f2614cf85992cd3a7105 DependenciesID=2be6be37f495ab89052c07ab92a42412 StaticDependenciesID=d1b82a744a304f0804e56023627ab4f0 
Number of updated asset objects reloaded before import = 0Number of asset objects unloaded after import = 3

========================================================================
Received Import Request.
  Time since last request: 0.000037 seconds.
  path: Assets/Status/Imports/Gelzo/Fun Hyper Casual UI Pack - FREE/Sprites/Buttons/Lightning2.png
  importAddress: Guid(c358763ab3057874ab29c9383f7f83f9) Importer(2089858483,b0f066a214c2f5e87bad3c948f4d605d)
Start importing Assets/Status/Imports/Gelzo/Fun Hyper Casual UI Pack - FREE/Sprites/Buttons/Lightning2.png using Guid(c358763ab3057874ab29c9383f7f83f9) Importer(2089858483,b0f066a214c2f5e87bad3c948f4d605d) (ScriptedImporter) -> (Import Result ID: '51c6f83d133d84f84be6a675bc48c233') in 0.0353857 seconds [static and dynamic dependencies]. Details - ImportResultOutputID=f8076363b687d77c10f6851446a473c8 DependenciesID=d0d75b9b83f2e4f1b51a4fc327f9a4cd StaticDependenciesID=b6128baed7a79d088f9c8ea13d1eb712 
Number of updated asset objects reloaded before import = 0Number of asset objects unloaded after import = 3

========================================================================
Received Import Request.
  Time since last request: 0.000017 seconds.
  path: Assets/Status/Imports/Gelzo/Fun Hyper Casual UI Pack - FREE/Sprites/Panels/52.png
  importAddress: Guid(d1ffffe582f3a0641845299c7f2cd4aa) Importer(2089858483,b0f066a214c2f5e87bad3c948f4d605d)
Start importing Assets/Status/Imports/Gelzo/Fun Hyper Casual UI Pack - FREE/Sprites/Panels/52.png using Guid(d1ffffe582f3a0641845299c7f2cd4aa) Importer(2089858483,b0f066a214c2f5e87bad3c948f4d605d) (ScriptedImporter) -> (Import Result ID: 'bbddaee729cfb6af07233207ce93b9bc') in 0.0382205 seconds [static and dynamic dependencies]. Details - ImportResultOutputID=2ad6536f38809a56fee3162f60c29d90 DependenciesID=ce62c0aa72ea06b22c0e63438c635eef StaticDependenciesID=271c9cc62a8627a7dce808d6ea91e6e2 
Number of updated asset objects reloaded before import = 0Number of asset objects unloaded after import = 3

========================================================================
Received Import Request.
  Time since last request: 0.000018 seconds.
  path: Assets/Status/Imports/Gelzo/Fun Hyper Casual UI Pack - FREE/Sprites/Buttons And Text/Play 03.png
  importAddress: Guid(6891184d43ae9a14fb230eebce52e422) Importer(2089858483,b0f066a214c2f5e87bad3c948f4d605d)
Start importing Assets/Status/Imports/Gelzo/Fun Hyper Casual UI Pack - FREE/Sprites/Buttons And Text/Play 03.png using Guid(6891184d43ae9a14fb230eebce52e422) Importer(2089858483,b0f066a214c2f5e87bad3c948f4d605d) (ScriptedImporter) -> (Import Result ID: '46f2359223a0f11aed9830b20eca23f0') in 0.0455478 seconds [static and dynamic dependencies]. Details - ImportResultOutputID=764bd474b0a253a81091d9b575d30a6c DependenciesID=54d596b58d87c9a691ade21ea4fa6c32 StaticDependenciesID=9ce464f8c42a9f258be41b09175ce439 
Number of updated asset objects reloaded before import = 0Number of asset objects unloaded after import = 3

========================================================================
Received Import Request.
  Time since last request: 0.000025 seconds.
  path: Assets/Status/Imports/Gelzo/Fun Hyper Casual UI Pack - FREE/Sprites/Buttons/MuteMusic5.png
  importAddress: Guid(a2d638fa7cfc02c4797ada2e19e0190f) Importer(2089858483,b0f066a214c2f5e87bad3c948f4d605d)
Start importing Assets/Status/Imports/Gelzo/Fun Hyper Casual UI Pack - FREE/Sprites/Buttons/MuteMusic5.png using Guid(a2d638fa7cfc02c4797ada2e19e0190f) Importer(2089858483,b0f066a214c2f5e87bad3c948f4d605d) (ScriptedImporter) -> (Import Result ID: '3840ba70b9c9f1d1fbdd61cfc1adaf60') in 0.0385598 seconds [static and dynamic dependencies]. Details - ImportResultOutputID=ab3ccc39d495639b6b7847f297ae4d67 DependenciesID=2b10949089753e074fd14a1a8c8c2176 StaticDependenciesID=28abf00da71ac0a160bcc85390923ee3 
Number of updated asset objects reloaded before import = 0Number of asset objects unloaded after import = 3

========================================================================
Received Import Request.
  Time since last request: 0.000024 seconds.
  path: Assets/Status/Imports/Gelzo/Fun Hyper Casual UI Pack - FREE/Sprites/Buttons And Text/Start 6.png
  importAddress: Guid(a5d0266464787804fb51f43dbe9dac1d) Importer(2089858483,b0f066a214c2f5e87bad3c948f4d605d)
Start importing Assets/Status/Imports/Gelzo/Fun Hyper Casual UI Pack - FREE/Sprites/Buttons And Text/Start 6.png using Guid(a5d0266464787804fb51f43dbe9dac1d) Importer(2089858483,b0f066a214c2f5e87bad3c948f4d605d) (ScriptedImporter) -> (Import Result ID: '6d065cd10b97c10fbbd623efed8f721f') in 0.0433231 seconds [static and dynamic dependencies]. Details - ImportResultOutputID=3fe5f0a41f33028eabfd744ee058e37a DependenciesID=919533b1c43a2e1846e6de81d872dae4 StaticDependenciesID=48fdbe5af6ec37d15d502ae92f4ff5cb 
Number of updated asset objects reloaded before import = 0Number of asset objects unloaded after import = 3

========================================================================
Received Import Request.
  Time since last request: 0.000014 seconds.
  path: Assets/Status/Imports/Gelzo/Fun Hyper Casual UI Pack - FREE/Sprites/Panels/22.png
  importAddress: Guid(64c13f291add33342afef057a9ce787b) Importer(2089858483,b0f066a214c2f5e87bad3c948f4d605d)
Start importing Assets/Status/Imports/Gelzo/Fun Hyper Casual UI Pack - FREE/Sprites/Panels/22.png using Guid(64c13f291add33342afef057a9ce787b) Importer(2089858483,b0f066a214c2f5e87bad3c948f4d605d) (ScriptedImporter) -> (Import Result ID: '83f919e9841d833824d66ffd2aec54d3') in 0.0369793 seconds [static and dynamic dependencies]. Details - ImportResultOutputID=f33ebb5a5ef82737e5f9f63d5dd17347 DependenciesID=49799863e754fbe35923503c77e18743 StaticDependenciesID=37aded8b8de43769d5b37ad3e07f644f 
Number of updated asset objects reloaded before import = 0Number of asset objects unloaded after import = 3

========================================================================
Received Import Request.
  Time since last request: 0.000021 seconds.
  path: Assets/Status/Imports/Gelzo/Fun Hyper Casual UI Pack - FREE/Sprites/Buttons/Next1.png
  importAddress: Guid(9f55aa52e9feb8b4cb00c15223d50084) Importer(2089858483,b0f066a214c2f5e87bad3c948f4d605d)
Start importing Assets/Status/Imports/Gelzo/Fun Hyper Casual UI Pack - FREE/Sprites/Buttons/Next1.png using Guid(9f55aa52e9feb8b4cb00c15223d50084) Importer(2089858483,b0f066a214c2f5e87bad3c948f4d605d) (ScriptedImporter) -> (Import Result ID: 'f89c326b0a70e1cc5110fdaf6a2ff96c') in 0.037986 seconds [static and dynamic dependencies]. Details - ImportResultOutputID=ca145e464dd3144f7963253fa853166c DependenciesID=a07bca8abb5dd4ef773cbeee83a8d81a StaticDependenciesID=abe789053cae6e0605cb9e5faa2c2c51 
Number of updated asset objects reloaded before import = 0Number of asset objects unloaded after import = 3

========================================================================
Received Import Request.
  Time since last request: 0.000019 seconds.
  path: Assets/Status/Imports/Gelzo/Fun Hyper Casual UI Pack - FREE/Sprites/Buttons And Text/Start 11..png
  importAddress: Guid(b4a25de09d5ae7943828ffe664245900) Importer(2089858483,b0f066a214c2f5e87bad3c948f4d605d)
Start importing Assets/Status/Imports/Gelzo/Fun Hyper Casual UI Pack - FREE/Sprites/Buttons And Text/Start 11..png using Guid(b4a25de09d5ae7943828ffe664245900) Importer(2089858483,b0f066a214c2f5e87bad3c948f4d605d) (ScriptedImporter) -> (Import Result ID: '5929aea8b3ad2f2e083a80c019c200d9') in 0.0369878 seconds [static and dynamic dependencies]. Details - ImportResultOutputID=40c61d1873c2f5a2df50ffe5c0050cdf DependenciesID=afb0a42d439c343b1737e648968a96b2 StaticDependenciesID=5315a468a35fde9b463750aacbae6b5e 
Number of updated asset objects reloaded before import = 0Number of asset objects unloaded after import = 3

========================================================================
Received Import Request.
  Time since last request: 0.000030 seconds.
  path: Assets/Status/Imports/Gelzo/Fun Hyper Casual UI Pack - FREE/Sprites/Buttons And Text/Play 08.png
  importAddress: Guid(d0a39ce21255ace4b9bb457d027a5c7f) Importer(2089858483,b0f066a214c2f5e87bad3c948f4d605d)
Start importing Assets/Status/Imports/Gelzo/Fun Hyper Casual UI Pack - FREE/Sprites/Buttons And Text/Play 08.png using Guid(d0a39ce21255ace4b9bb457d027a5c7f) Importer(2089858483,b0f066a214c2f5e87bad3c948f4d605d) (ScriptedImporter) -> (Import Result ID: 'c19ec97e84ae42bfd3f653d494be29ca') in 0.0364899 seconds [static and dynamic dependencies]. Details - ImportResultOutputID=cc0d8bf47effc02b1530a6264cdb2597 DependenciesID=ac121c8a4a414d88dd63279afb221bd3 StaticDependenciesID=f3c7a4d6cce0db184b8837950b7ae85f 
Number of updated asset objects reloaded before import = 0Number of asset objects unloaded after import = 3

========================================================================
Received Import Request.
  Time since last request: 0.000025 seconds.
  path: Assets/Status/Imports/Gelzo/Fun Hyper Casual UI Pack - FREE/Sprites/Buttons/Clock1.png
  importAddress: Guid(df0be2e7a485c8b4f81eb0c982041bf3) Importer(2089858483,b0f066a214c2f5e87bad3c948f4d605d)
Start importing Assets/Status/Imports/Gelzo/Fun Hyper Casual UI Pack - FREE/Sprites/Buttons/Clock1.png using Guid(df0be2e7a485c8b4f81eb0c982041bf3) Importer(2089858483,b0f066a214c2f5e87bad3c948f4d605d) (ScriptedImporter) -> (Import Result ID: '136c53ff7f0dfa272d17a3e958918ed9') in 0.0364616 seconds [static and dynamic dependencies]. Details - ImportResultOutputID=da9780a26e77fd0c00fd8d3945c40e9d DependenciesID=db3baa9aa76888b22c13f5075d5765ca StaticDependenciesID=e8519b2dfa720eed911ec37624c3f294 
Number of updated asset objects reloaded before import = 0Number of asset objects unloaded after import = 3

========================================================================
Received Import Request.
  Time since last request: 0.000021 seconds.
  path: Assets/Status/Imports/Gelzo/Fun Hyper Casual UI Pack - FREE/Sprites/Buttons And Text/quit 01.png
  importAddress: Guid(aa00acc90da88134ea23c1dc029c225f) Importer(2089858483,b0f066a214c2f5e87bad3c948f4d605d)
Start importing Assets/Status/Imports/Gelzo/Fun Hyper Casual UI Pack - FREE/Sprites/Buttons And Text/quit 01.png using Guid(aa00acc90da88134ea23c1dc029c225f) Importer(2089858483,b0f066a214c2f5e87bad3c948f4d605d) (ScriptedImporter) -> (Import Result ID: '13623f8918897f73525e993b860dd716') in 0.0384673 seconds [static and dynamic dependencies]. Details - ImportResultOutputID=036703c49d0a54217685ccc34a43d291 DependenciesID=c8051d6b0a3a8ffba499175b2d5543e1 StaticDependenciesID=3468997f8978598482df03e90398905f 
Number of updated asset objects reloaded before import = 0Number of asset objects unloaded after import = 3

========================================================================
Received Import Request.
  Time since last request: 0.000019 seconds.
  path: Assets/Status/Imports/Gelzo/Fun Hyper Casual UI Pack - FREE/Sprites/Buttons/MuteSound1.png
  importAddress: Guid(1329fb5c2e62abd47b05c80c302f6a8f) Importer(2089858483,b0f066a214c2f5e87bad3c948f4d605d)
Start importing Assets/Status/Imports/Gelzo/Fun Hyper Casual UI Pack - FREE/Sprites/Buttons/MuteSound1.png using Guid(1329fb5c2e62abd47b05c80c302f6a8f) Importer(2089858483,b0f066a214c2f5e87bad3c948f4d605d) (ScriptedImporter) -> (Import Result ID: 'c0ca5e840423e1594f8883e711efcc23') in 0.0437982 seconds [static and dynamic dependencies]. Details - ImportResultOutputID=18deedf4a9b519992221ca8627753f26 DependenciesID=bd1915d9f231a03ee4cdb32e79e4994d StaticDependenciesID=8bfcb210f333dfe8f17b1433a4b77851 
Number of updated asset objects reloaded before import = 0Number of asset objects unloaded after import = 3

========================================================================
Received Import Request.
  Time since last request: 0.000048 seconds.
  path: Assets/Status/Imports/Gelzo/Fun Hyper Casual UI Pack - FREE/Sprites/Buttons And Text/CoinPanel1.png
  importAddress: Guid(6766717868de8e94dad7219f0f5bd8f8) Importer(2089858483,b0f066a214c2f5e87bad3c948f4d605d)
Start importing Assets/Status/Imports/Gelzo/Fun Hyper Casual UI Pack - FREE/Sprites/Buttons And Text/CoinPanel1.png using Guid(6766717868de8e94dad7219f0f5bd8f8) Importer(2089858483,b0f066a214c2f5e87bad3c948f4d605d) (ScriptedImporter) -> (Import Result ID: '799b392a2f456095018b045efdf069d9') in 0.0437089 seconds [static and dynamic dependencies]. Details - ImportResultOutputID=891c53f2732b2e9396404bc8c667d9d4 DependenciesID=942e2203eb0bba491d47743b0612e616 StaticDependenciesID=2e9c2d990dcc9abad51f0974c144c287 
Number of updated asset objects reloaded before import = 0Number of asset objects unloaded after import = 3

========================================================================
Received Import Request.
  Time since last request: 0.000018 seconds.
  path: Assets/Status/Imports/Gelzo/Fun Hyper Casual UI Pack - FREE/Sprites/Buttons/Button5.png
  importAddress: Guid(4c530c6c6cd94824397df81ce9724dd6) Importer(2089858483,b0f066a214c2f5e87bad3c948f4d605d)
Start importing Assets/Status/Imports/Gelzo/Fun Hyper Casual UI Pack - FREE/Sprites/Buttons/Button5.png using Guid(4c530c6c6cd94824397df81ce9724dd6) Importer(2089858483,b0f066a214c2f5e87bad3c948f4d605d) (ScriptedImporter) -> (Import Result ID: '6d14bf3c75f8055432de8c0346397fe7') in 0.0360207 seconds [static and dynamic dependencies]. Details - ImportResultOutputID=8ad95d740e1ba03b4c74c1446e9a5e99 DependenciesID=5e6f627914103f3c17c038f37390d771 StaticDependenciesID=11592d0839900ace5b0ef4426765bbe2 
Number of updated asset objects reloaded before import = 0Number of asset objects unloaded after import = 3

========================================================================
Received Import Request.
  Time since last request: 0.000017 seconds.
  path: Assets/Status/Imports/Gelzo/Fun Hyper Casual UI Pack - FREE/Sprites/Buttons/Yes1.png
  importAddress: Guid(576cfb971eff8ce40877bb3cefeddef4) Importer(2089858483,b0f066a214c2f5e87bad3c948f4d605d)
Start importing Assets/Status/Imports/Gelzo/Fun Hyper Casual UI Pack - FREE/Sprites/Buttons/Yes1.png using Guid(576cfb971eff8ce40877bb3cefeddef4) Importer(2089858483,b0f066a214c2f5e87bad3c948f4d605d) (ScriptedImporter) -> (Import Result ID: '530e79b737a39f9f87f413946a3b5458') in 0.0321318 seconds [static and dynamic dependencies]. Details - ImportResultOutputID=ec7911b57da5b951e972371f2b93e842 DependenciesID=08ac134a137cd996c681162e0ecb74eb StaticDependenciesID=a95ccc477ef2a7b4c50696876d9216d0 
Number of updated asset objects reloaded before import = 0Number of asset objects unloaded after import = 3

========================================================================
Received Import Request.
  Time since last request: 0.000020 seconds.
  path: Assets/Status/Imports/Gelzo/Fun Hyper Casual UI Pack - FREE/Sprites/Panels/58.png
  importAddress: Guid(ba58f45cd5d06c345bad109e818f14a9) Importer(2089858483,b0f066a214c2f5e87bad3c948f4d605d)
Start importing Assets/Status/Imports/Gelzo/Fun Hyper Casual UI Pack - FREE/Sprites/Panels/58.png using Guid(ba58f45cd5d06c345bad109e818f14a9) Importer(2089858483,b0f066a214c2f5e87bad3c948f4d605d) (ScriptedImporter) -> (Import Result ID: '24bd13e717e6ce47b8eff882d9eb1c21') in 0.0348594 seconds [static and dynamic dependencies]. Details - ImportResultOutputID=9c146555b0f4084f61fe43c4e90b4b35 DependenciesID=f32f8e03bf82e8e5ac13347fbe01e048 StaticDependenciesID=4751657762de7ac9a8e573fb5256b6e8 
Number of updated asset objects reloaded before import = 0Number of asset objects unloaded after import = 3

========================================================================
Received Import Request.
  Time since last request: 0.000028 seconds.
  path: Assets/Status/Imports/Gelzo/Fun Hyper Casual UI Pack - FREE/Sprites/Buttons And Text/Settings2.png
  importAddress: Guid(7c5193f3130b9d94c8b696cf83016f0b) Importer(2089858483,b0f066a214c2f5e87bad3c948f4d605d)
Start importing Assets/Status/Imports/Gelzo/Fun Hyper Casual UI Pack - FREE/Sprites/Buttons And Text/Settings2.png using Guid(7c5193f3130b9d94c8b696cf83016f0b) Importer(2089858483,b0f066a214c2f5e87bad3c948f4d605d) (ScriptedImporter) -> (Import Result ID: 'dc3ca615552159fa5a2eeba1df797fe0') in 0.0373615 seconds [static and dynamic dependencies]. Details - ImportResultOutputID=c7b1f1c61aff1df2c9a9ec4bcad86cfa DependenciesID=03e8451161781205e34d94cf7271e426 StaticDependenciesID=58f7da4e2f3a658e6de479aca69b1ff5 
Number of updated asset objects reloaded before import = 0Number of asset objects unloaded after import = 3

========================================================================
Received Import Request.
  Time since last request: 0.000017 seconds.
  path: Assets/Status/Imports/Gelzo/Fun Hyper Casual UI Pack - FREE/Sprites/Buttons And Text/Start 12.png
  importAddress: Guid(daf5e178e6b513141abc150368296ec5) Importer(2089858483,b0f066a214c2f5e87bad3c948f4d605d)
Start importing Assets/Status/Imports/Gelzo/Fun Hyper Casual UI Pack - FREE/Sprites/Buttons And Text/Start 12.png using Guid(daf5e178e6b513141abc150368296ec5) Importer(2089858483,b0f066a214c2f5e87bad3c948f4d605d) (ScriptedImporter) -> (Import Result ID: '760328dbbbef422f1c842b4382e25d7d') in 0.0345494 seconds [static and dynamic dependencies]. Details - ImportResultOutputID=12a6d8c769cf2abc22433a02a85eabd4 DependenciesID=7d7f823534a1e2a0aa379f987cc97471 StaticDependenciesID=b653be354e12be601299783861045f8d 
Number of updated asset objects reloaded before import = 0Number of asset objects unloaded after import = 3

========================================================================
Received Import Request.
  Time since last request: 0.000018 seconds.
  path: Assets/Status/Imports/Gelzo/Fun Hyper Casual UI Pack - FREE/Sprites/Buttons And Text/Start 13.png
  importAddress: Guid(3d81eba617936de4682940d79e3ae9d4) Importer(2089858483,b0f066a214c2f5e87bad3c948f4d605d)
Start importing Assets/Status/Imports/Gelzo/Fun Hyper Casual UI Pack - FREE/Sprites/Buttons And Text/Start 13.png using Guid(3d81eba617936de4682940d79e3ae9d4) Importer(2089858483,b0f066a214c2f5e87bad3c948f4d605d) (ScriptedImporter) -> (Import Result ID: 'f125f0323be7cbc3c2146436f5e8d1e0') in 0.0362966 seconds [static and dynamic dependencies]. Details - ImportResultOutputID=da2042708f3723db0bc7db7ad617393a DependenciesID=7a922539b3e050fbde6276353f97abbe StaticDependenciesID=342f6ac7a62144da8063ead96ad286d6 
Number of updated asset objects reloaded before import = 0Number of asset objects unloaded after import = 3

========================================================================
Received Import Request.
  Time since last request: 0.000079 seconds.
  path: Assets/Status/Imports/Gelzo/Fun Hyper Casual UI Pack - FREE/Sprites/Panels/32.png
  importAddress: Guid(aad3f9a4a30f26b439ed31c153c59ca5) Importer(2089858483,b0f066a214c2f5e87bad3c948f4d605d)
Start importing Assets/Status/Imports/Gelzo/Fun Hyper Casual UI Pack - FREE/Sprites/Panels/32.png using Guid(aad3f9a4a30f26b439ed31c153c59ca5) Importer(2089858483,b0f066a214c2f5e87bad3c948f4d605d) (ScriptedImporter) -> (Import Result ID: '21af132cb1ab3c65ba3bf31b4b7d283c') in 0.033889 seconds [static and dynamic dependencies]. Details - ImportResultOutputID=c50acd0d4146d3849f7339d27ee3f72b DependenciesID=c8bc486e847d07612b5e09b065906410 StaticDependenciesID=7b46fabc5e3788f678089f80e64128ee 
Number of updated asset objects reloaded before import = 0Number of asset objects unloaded after import = 3

========================================================================
Received Import Request.
  Time since last request: 0.000041 seconds.
  path: Assets/Status/Imports/Gelzo/Fun Hyper Casual UI Pack - FREE/Sprites/Buttons And Text/Settings4.png
  importAddress: Guid(688cfe6bbfbfef1428f907cfc3bebbc7) Importer(2089858483,b0f066a214c2f5e87bad3c948f4d605d)
Start importing Assets/Status/Imports/Gelzo/Fun Hyper Casual UI Pack - FREE/Sprites/Buttons And Text/Settings4.png using Guid(688cfe6bbfbfef1428f907cfc3bebbc7) Importer(2089858483,b0f066a214c2f5e87bad3c948f4d605d) (ScriptedImporter) -> (Import Result ID: '985ed3ed3a4a6dc2b23113f0a64b9ddf') in 0.0381701 seconds [static and dynamic dependencies]. Details - ImportResultOutputID=1fe897ed9cedc0780d29fff4e6d54583 DependenciesID=d982db74a11ddb05319bbaaecd32f6de StaticDependenciesID=3c19c9b10d52c02293903e5169af9a22 
Number of updated asset objects reloaded before import = 0Number of asset objects unloaded after import = 3

========================================================================
Received Import Request.
  Time since last request: 0.000018 seconds.
  path: Assets/Status/Imports/Gelzo/Fun Hyper Casual UI Pack - FREE/Sprites/Buttons And Text/Play 02.png
  importAddress: Guid(8829c044df1f35849968c3e801a052df) Importer(2089858483,b0f066a214c2f5e87bad3c948f4d605d)
Start importing Assets/Status/Imports/Gelzo/Fun Hyper Casual UI Pack - FREE/Sprites/Buttons And Text/Play 02.png using Guid(8829c044df1f35849968c3e801a052df) Importer(2089858483,b0f066a214c2f5e87bad3c948f4d605d) (ScriptedImporter) -> (Import Result ID: '9130d7ac1b4c56ea10582dc37f6b93e0') in 0.0376098 seconds [static and dynamic dependencies]. Details - ImportResultOutputID=2acb7a7c4b64fe307397aa0d099b30b2 DependenciesID=0d761ae37f6c6c70f2e9c6aeffb8c56b StaticDependenciesID=46c7f1572e11779aacf41803484ff23b 
Number of updated asset objects reloaded before import = 0Number of asset objects unloaded after import = 3

========================================================================
Received Import Request.
  Time since last request: 0.000021 seconds.
  path: Assets/Status/Imports/Gelzo/Fun Hyper Casual UI Pack - FREE/Sprites/Buttons And Text/diamonds 3.png
  importAddress: Guid(794f571d6505dbb45925215a7831c0a8) Importer(2089858483,b0f066a214c2f5e87bad3c948f4d605d)
Start importing Assets/Status/Imports/Gelzo/Fun Hyper Casual UI Pack - FREE/Sprites/Buttons And Text/diamonds 3.png using Guid(794f571d6505dbb45925215a7831c0a8) Importer(2089858483,b0f066a214c2f5e87bad3c948f4d605d) (ScriptedImporter) -> (Import Result ID: 'ae11a229dac085c73ee45a463c69648d') in 0.0365997 seconds [static and dynamic dependencies]. Details - ImportResultOutputID=43ceca53121fbaa55e94201a0c4d0bb7 DependenciesID=731600698783f3311f4110a73f7ddd8d StaticDependenciesID=6bfa2279c51c195e0982e4df5b81a6f8 
Number of updated asset objects reloaded before import = 0Number of asset objects unloaded after import = 3

========================================================================
Received Import Request.
  Time since last request: 0.000020 seconds.
  path: Assets/Status/Imports/Gelzo/Fun Hyper Casual UI Pack - FREE/Sprites/Panels/64.png
  importAddress: Guid(0c995038ef9fe0a43ab0fc4bae202f5f) Importer(2089858483,b0f066a214c2f5e87bad3c948f4d605d)
Start importing Assets/Status/Imports/Gelzo/Fun Hyper Casual UI Pack - FREE/Sprites/Panels/64.png using Guid(0c995038ef9fe0a43ab0fc4bae202f5f) Importer(2089858483,b0f066a214c2f5e87bad3c948f4d605d) (ScriptedImporter) -> (Import Result ID: '89c848ee42f2d943de4f2fb998f1aefb') in 0.0412748 seconds [static and dynamic dependencies]. Details - ImportResultOutputID=5d0f4675fb2ef5766739f344abcfed10 DependenciesID=62aec4ea570b499fb2a259ede1877b78 StaticDependenciesID=0cd8566827c79b167622bda914146219 
Number of updated asset objects reloaded before import = 0Number of asset objects unloaded after import = 3

========================================================================
Received Import Request.
  Time since last request: 0.000029 seconds.
  path: Assets/Status/Imports/Gelzo/Fun Hyper Casual UI Pack - FREE/Sprites/Buttons/EnableMusic2.png
  importAddress: Guid(b43e5da6b4b6970499cc8935eb55fdf5) Importer(2089858483,b0f066a214c2f5e87bad3c948f4d605d)
Start importing Assets/Status/Imports/Gelzo/Fun Hyper Casual UI Pack - FREE/Sprites/Buttons/EnableMusic2.png using Guid(b43e5da6b4b6970499cc8935eb55fdf5) Importer(2089858483,b0f066a214c2f5e87bad3c948f4d605d) (ScriptedImporter) -> (Import Result ID: 'd9a7fdd5b789391bd2eb446d74a31096') in 0.0355033 seconds [static and dynamic dependencies]. Details - ImportResultOutputID=5b947bef0279857df9f28373b3c64df9 DependenciesID=9a2fae8bdd3d431d44fd84ed602fce0c StaticDependenciesID=c23373919ed5b5c1fc98c0997284a1f5 
Number of updated asset objects reloaded before import = 0Number of asset objects unloaded after import = 3

========================================================================
Received Import Request.
  Time since last request: 0.000014 seconds.
  path: Assets/Status/Imports/Gelzo/Fun Hyper Casual UI Pack - FREE/Sprites/Buttons And Text/QuitPanel.png
  importAddress: Guid(ecf346139716a2c4f8ae1e44111077f6) Importer(2089858483,b0f066a214c2f5e87bad3c948f4d605d)
Start importing Assets/Status/Imports/Gelzo/Fun Hyper Casual UI Pack - FREE/Sprites/Buttons And Text/QuitPanel.png using Guid(ecf346139716a2c4f8ae1e44111077f6) Importer(2089858483,b0f066a214c2f5e87bad3c948f4d605d) (ScriptedImporter) -> (Import Result ID: 'bfee1d4e2b5e6ec190bc1b936eb22bc5') in 0.0346058 seconds [static and dynamic dependencies]. Details - ImportResultOutputID=9c6f4f9bbc679b205f20e32c3e56e199 DependenciesID=27844bd5da874f948cda63e0c57210b3 StaticDependenciesID=720cb0641df28bed27daac940c207d96 
Number of updated asset objects reloaded before import = 0Number of asset objects unloaded after import = 3

========================================================================
Received Import Request.
  Time since last request: 0.000016 seconds.
  path: Assets/Status/Imports/Gelzo/Fun Hyper Casual UI Pack - FREE/Sprites/Buttons And Text/quit 08.png
  importAddress: Guid(8b5b6849e0a14684888c7eace67b2463) Importer(2089858483,b0f066a214c2f5e87bad3c948f4d605d)
Start importing Assets/Status/Imports/Gelzo/Fun Hyper Casual UI Pack - FREE/Sprites/Buttons And Text/quit 08.png using Guid(8b5b6849e0a14684888c7eace67b2463) Importer(2089858483,b0f066a214c2f5e87bad3c948f4d605d) (ScriptedImporter) -> (Import Result ID: 'ae2c60eb1322ec6fa42adf0f44e21d6a') in 0.0343795 seconds [static and dynamic dependencies]. Details - ImportResultOutputID=477dba8f37542d0d00d2c09828414033 DependenciesID=7c2d87dc87505dc47b522b2a914b15f9 StaticDependenciesID=dbd40c23ea798d8bb3763ae31c55ca99 
Number of updated asset objects reloaded before import = 0Number of asset objects unloaded after import = 3

Editor requested this worker to shutdown with reason: Scaling down because of idle timeout
AssetImportWorker is now disconnected from the server
Process exiting
Exiting without the bug reporter. Application will terminate with return code 0